apply_timestamp=2026-08-04T18:54:04,326193341+02:00
networkpolicy.networking.k8s.io/allow-client-to-http-servers created
apiVersion: v1
items:
- apiVersion: networking.k8s.io/v1
  kind: NetworkPolicy
  metadata:
    annotations:
      kubectl.kubernetes.io/last-applied-configuration: |
        {"apiVersion":"networking.k8s.io/v1","kind":"NetworkPolicy","metadata":{"annotations":{},"name":"allow-client-to-http-servers","namespace":"net-lab"},"spec":{"ingress":[{"from":[{"podSelector":{"matchLabels":{"app.kubernetes.io/name":"network-client"}}}],"ports":[{"port":8080,"protocol":"TCP"}]}],"podSelector":{"matchLabels":{"app.kubernetes.io/name":"http-server"}},"policyTypes":["Ingress"]}}
    creationTimestamp: "2026-08-04T16:54:04Z"
    generation: 1
    name: allow-client-to-http-servers
    namespace: net-lab
    resourceVersion: "873"
    uid: e0968dc3-511a-42ca-a374-56274dbbfdc1
  spec:
    ingress:
    - from:
      - podSelector:
          matchLabels:
            app.kubernetes.io/name: network-client
      ports:
      - port: 8080
        protocol: TCP
    podSelector:
      matchLabels:
        app.kubernetes.io/name: http-server
    policyTypes:
    - Ingress
- apiVersion: networking.k8s.io/v1
  kind: NetworkPolicy
  metadata:
    annotations:
      kubectl.kubernetes.io/last-applied-configuration: |
        {"apiVersion":"networking.k8s.io/v1","kind":"NetworkPolicy","metadata":{"annotations":{},"name":"default-deny-ingress","namespace":"net-lab"},"spec":{"podSelector":{},"policyTypes":["Ingress"]}}
    creationTimestamp: "2026-08-04T16:51:22Z"
    generation: 1
    name: default-deny-ingress
    namespace: net-lab
    resourceVersion: "791"
    uid: de22e18e-7d16-4175-87b6-713e4e9965ac
  spec:
    podSelector: {}
    policyTypes:
    - Ingress
kind: List
metadata:
  resourceVersion: ""
default_deny_diff_exit=0
allow_diff_exit=0
policy_count=2
node=k3d-tesi-e02-flannel-netpol-off-server-0 controller_start_matches=0
node=k3d-tesi-e02-flannel-netpol-off-agent-0 controller_start_matches=0
node=k3d-tesi-e02-flannel-netpol-off-agent-1 controller_start_matches=0
controller_start_count=0 failures=0
allow_api_gate=PASS
