apply_timestamp=2026-08-04T18:51:22,102821523+02:00
networkpolicy.networking.k8s.io/default-deny-ingress created
apiVersion: networking.k8s.io/v1
kind: NetworkPolicy
metadata:
  annotations:
    kubectl.kubernetes.io/last-applied-configuration: |
      {"apiVersion":"networking.k8s.io/v1","kind":"NetworkPolicy","metadata":{"annotations":{},"name":"default-deny-ingress","namespace":"net-lab"},"spec":{"podSelector":{},"policyTypes":["Ingress"]}}
  creationTimestamp: "2026-08-04T16:51:22Z"
  generation: 1
  name: default-deny-ingress
  namespace: net-lab
  resourceVersion: "791"
  uid: de22e18e-7d16-4175-87b6-713e4e9965ac
spec:
  podSelector: {}
  policyTypes:
  - Ingress
manifest_api_diff_exit=0
policy_count=1
node=k3d-tesi-e02-flannel-netpol-off-server-0 controller_start_matches=0
node=k3d-tesi-e02-flannel-netpol-off-agent-0 controller_start_matches=0
node=k3d-tesi-e02-flannel-netpol-off-agent-1 controller_start_matches=0
controller_start_count=0 failures=0
default_deny_api_gate=PASS
