timestamp=2026-08-07T16:52:18,761184974+02:00
context=k3d-tesi-e20-cilium-vxlan
=== cluster/API before CNI ===
[+]ping ok
[+]log ok
[+]etcd ok
[+]etcd-readiness ok
[+]informer-sync ok
[+]poststarthook/start-apiserver-admission-initializer ok
[+]poststarthook/generic-apiserver-start-informers ok
[+]poststarthook/priority-and-fairness-config-consumer ok
[+]poststarthook/priority-and-fairness-filter ok
[+]poststarthook/storage-object-count-tracker-hook ok
[+]poststarthook/start-apiextensions-informers ok
[+]poststarthook/start-apiextensions-controllers ok
[+]poststarthook/crd-informer-synced ok
[+]poststarthook/start-system-namespaces-controller ok
[+]poststarthook/start-cluster-authentication-info-controller ok
[+]poststarthook/start-kube-apiserver-identity-lease-controller ok
[+]poststarthook/start-kube-apiserver-identity-lease-garbage-collector ok
[+]poststarthook/start-legacy-token-tracking-controller ok
[+]poststarthook/start-service-ip-repair-controllers ok
[+]poststarthook/rbac/bootstrap-roles ok
[+]poststarthook/scheduling/bootstrap-system-priority-classes ok
[+]poststarthook/priority-and-fairness-config-producer ok
[+]poststarthook/bootstrap-controller ok
[+]poststarthook/start-kubernetes-service-cidr-controller ok
[+]poststarthook/aggregator-reload-proxy-client-cert ok
[+]poststarthook/start-kube-aggregator-informers ok
[+]poststarthook/apiservice-status-local-available-controller ok
[+]poststarthook/apiservice-status-remote-available-controller ok
[+]poststarthook/apiservice-registration-controller ok
[+]poststarthook/apiservice-discovery-controller ok
[+]poststarthook/kube-apiserver-autoregistration ok
[+]autoregister-completion ok
[+]poststarthook/apiservice-openapi-controller ok
[+]poststarthook/apiservice-openapiv3-controller ok
[+]shutdown ok
readyz check passed
node_count=3
NAME                                 STATUS     ROLES           AGE   VERSION        INTERNAL-IP   EXTERNAL-IP   OS-IMAGE           KERNEL-VERSION     CONTAINER-RUNTIME
k3d-tesi-e20-cilium-vxlan-agent-0    NotReady   <none>          69s   v1.34.9+k3s1   172.19.0.3    <none>        K3s v1.34.9+k3s1   7.0.0-28-generic   containerd://2.2.5-k3s2
k3d-tesi-e20-cilium-vxlan-agent-1    NotReady   <none>          69s   v1.34.9+k3s1   172.19.0.4    <none>        K3s v1.34.9+k3s1   7.0.0-28-generic   containerd://2.2.5-k3s2
k3d-tesi-e20-cilium-vxlan-server-0   NotReady   control-plane   73s   v1.34.9+k3s1   172.19.0.2    <none>        K3s v1.34.9+k3s1   7.0.0-28-generic   containerd://2.2.5-k3s2
NAMESPACE     NAME                                      READY   STATUS    RESTARTS   AGE   IP       NODE     NOMINATED NODE   READINESS GATES
kube-system   coredns-768dc8cf9b-668qt                  0/1     Pending   0          67s   <none>   <none>   <none>           <none>
kube-system   local-path-provisioner-5db9d5cbbb-p4q5l   0/1     Pending   0          67s   <none>   <none>   <none>           <none>
kube-system   metrics-server-c8774f4f4-sz2vd            0/1     Pending   0          67s   <none>   <none>   <none>           <none>
=== effective K3s arguments ===
name=/k3d-tesi-e20-cilium-vxlan-server-0 image=docker.io/rancher/k3s@sha256:0487bcfa1ea34f02a80c93122520fb70af434663a3bcdb61a697a0b5ab37e69d privileged=true cgroupns=private args=["server","--cluster-cidr=10.42.0.0/16","--service-cidr=10.43.0.0/16","--disable=traefik","--flannel-backend=none","--disable-network-policy","--tls-san","127.0.0.1","--tls-san","k3d-tesi-e20-cilium-vxlan-serverlb"]
name=/k3d-tesi-e20-cilium-vxlan-agent-0 image=docker.io/rancher/k3s@sha256:0487bcfa1ea34f02a80c93122520fb70af434663a3bcdb61a697a0b5ab37e69d privileged=true cgroupns=private args=["agent"]
name=/k3d-tesi-e20-cilium-vxlan-agent-1 image=docker.io/rancher/k3s@sha256:0487bcfa1ea34f02a80c93122520fb70af434663a3bcdb61a697a0b5ab37e69d privileged=true cgroupns=private args=["agent"]
k3s_argument_gate=PASS kube_proxy_disable_flag=ABSENT
=== per-node kernel, cgroup, bpffs, BTF, VXLAN, privileges ===
--- k3d-tesi-e20-cilium-vxlan-server-0 ---
kernel=7.0.0-28-generic architecture=x86_64
cgroup_fs=cgroup2fs
cgroup /sys/fs/cgroup cgroup2 rw,nosuid,nodev,noexec,relatime,nsdelegate,memory_recursiveprot 0 0
bpffs_current=sysfs
btf_vmlinux_size=7114296
vxlan_module=present
bpffs_mount_probe=PASS
bpf_syscall_config=kernel_config_not_exposed; runtime gate required
--- k3d-tesi-e20-cilium-vxlan-agent-0 ---
kernel=7.0.0-28-generic architecture=x86_64
cgroup_fs=cgroup2fs
cgroup /sys/fs/cgroup cgroup2 rw,nosuid,nodev,noexec,relatime,nsdelegate,memory_recursiveprot 0 0
bpffs_current=sysfs
btf_vmlinux_size=7114296
vxlan_module=present
bpffs_mount_probe=PASS
bpf_syscall_config=kernel_config_not_exposed; runtime gate required
--- k3d-tesi-e20-cilium-vxlan-agent-1 ---
kernel=7.0.0-28-generic architecture=x86_64
cgroup_fs=cgroup2fs
cgroup /sys/fs/cgroup cgroup2 rw,nosuid,nodev,noexec,relatime,nsdelegate,memory_recursiveprot 0 0
bpffs_current=sysfs
btf_vmlinux_size=7114296
vxlan_module=present
bpffs_mount_probe=PASS
bpf_syscall_config=kernel_config_not_exposed; runtime gate required
=== absence before Cilium ===
cni_files=none
    1 root     /sbin/docker-init -- /bin/k3d-entrypoint.sh server --cluster-cidr=10.42.0.0/16 --service-cidr=10.43.0.0/16 --disable=traefik --flannel-backend=none --disable-network-policy --tls-san 127.0.0.1 --tls-san k3d-tesi-e20-cilium-vxlan-serverlb
    7 root     {k3d-entrypoint.} /bin/sh /bin/k3d-entrypoint.sh server --cluster-cidr=10.42.0.0/16 --service-cidr=10.43.0.0/16 --disable=traefik --flannel-backend=none --disable-network-policy --tls-san 127.0.0.1 --tls-san k3d-tesi-e20-cilium-vxlan-serverlb
  372 root     sh -ec        test ! -e /sys/class/net/flannel.1       test ! -e /sys/class/net/cilium_vxlan       if find /var/lib/rancher/k3s/agent/etc/cni/net.d -maxdepth 1 -type f 2>/dev/null | grep -q .; then find /var/lib/rancher/k3s/agent/etc/cni/net.d -maxdepth 1 -type f -print; else printf "cni_files=none\n"; fi       if ps -ef | grep -E "[f]lannel|[k]ube-router"; then exit 31; else printf "flannel_kuberouter_processes=none\n"; fi     
