E20 Cilium — analisi offline del campo VNI
Data analisi: 2026-08-09
Sorgente: vxlan-capture-authoritative.log
Nessun nuovo traffico generato.

Artefatto disponibile
- Formato: output testuale tcpdump; nessun file PCAP/PCAPNG.
- Data link type: LINUX_SLL2 (Linux cooked capture v2).
- Snaplen: 262144 byte.
- Opzioni: -nn -tttt -e -vvv -A -s 0 -i any.
- Il payload è stato acquisito integralmente per i pacchetti osservati e reso
  come testo ASCII; non è disponibile un dump binario/esadecimale reversibile.

Causa del falso negativo
- La porta runtime osservata è UDP 8472.
- tcpdump 4.99.4 associa automaticamente UDP 8472 al decoder OTV, non al
  decoder VXLAN; perciò stampa "OTV ... overlay ... instance ...".
- Lo script cercava soltanto "VXLAN.*vni" oppure "vni <numero>" e non ha
  riconosciuto "instance <numero>"; da qui vni_lines=0.
- LINUX_SLL2 non ha impedito la decodifica dell'header: tcpdump ha decodificato
  correttamente sia l'header esterno sia il payload Ethernet/IP interno.

Mappatura dei campi
- Entrambi i decoder leggono un header di 8 byte.
- Nel decoder VXLAN i byte 4-6 sono il VNI a 24 bit.
- Nel decoder OTV gli stessi byte 4-6 sono stampati come Instance ID.
- Il sorgente Cilium v1.19.6 imposta tunnel_id tramite get_tunnel_id(seclabel),
  che restituisce l'identità di sicurezza nei casi qui osservati.

Pacchetto autorevole in andata
- Timestamp: 2026-08-09 16:59:45.528288 +02:00.
- Interfaccia/direzione: eth0 Out.
- Underlay: 172.19.0.4:48685 -> 172.19.0.3:8472/UDP.
- Decoder: OTV, flags I (0x08), overlay 0, instance 21766.
- Header interpretato come VXLAN:
  byte 0: flags 0x08;
  byte 1-3: reserved 0x000000 (stampati dal decoder OTV come overlay 0);
  byte 4-6: VNI 0x005506 = 21766;
  byte 7: reserved.
- Payload interno: 10.42.0.169:50734 -> 10.42.1.199:8080, TCP SYN.
- Il VNI 21766 coincide con la Cilium security identity del Pod client.

Pacchetto autorevole nel verso inverso
- Timestamp: 2026-08-09 16:59:45.528444 +02:00.
- Interfaccia/direzione: eth0 In.
- Underlay: 172.19.0.3:36612 -> 172.19.0.4:8472/UDP.
- Decoder: OTV, flags I (0x08), overlay 0, instance 16090.
- Header interpretato come VXLAN: VNI 0x003eda = 16090.
- Payload interno: 10.42.1.199:8080 -> 10.42.0.169:50734, TCP SYN-ACK.
- Il VNI 16090 coincide con la Cilium security identity del Pod server-b.

Conclusione
- Il VNI è presente e già decodificato; è soltanto etichettato "instance" dal
  decoder scelto automaticamente da tcpdump per UDP 8472.
- Per questo flusso Cilium usa come tunnel ID/VNI l'identità della sorgente:
  21766 in andata e 16090 nel verso inverso.
- Non è necessaria una seconda cattura.

Sorgenti primarie consultate
- tcpdump 4.99.4, udp.h:
  https://github.com/the-tcpdump-group/tcpdump/blob/tcpdump-4.99.4/udp.h
- tcpdump 4.99.4, print-udp.c:
  https://github.com/the-tcpdump-group/tcpdump/blob/tcpdump-4.99.4/print-udp.c
- tcpdump 4.99.4, print-otv.c:
  https://github.com/the-tcpdump-group/tcpdump/blob/tcpdump-4.99.4/print-otv.c
- tcpdump 4.99.4, print-vxlan.c:
  https://github.com/the-tcpdump-group/tcpdump/blob/tcpdump-4.99.4/print-vxlan.c
- Cilium v1.19.6, bpf/lib/common.h e bpf/lib/encap.h:
  https://github.com/cilium/cilium/blob/v1.19.6/bpf/lib/common.h
  https://github.com/cilium/cilium/blob/v1.19.6/bpf/lib/encap.h
